
  Dropping all tables  227.20ms DONE

   INFO  Preparing database.  

  Creating migration table  20.81ms DONE

   INFO  Running migrations.  

  0001_01_01_000000_create_users_table  94.74ms DONE
  0001_01_01_000001_create_cache_table  51.10ms DONE
  0001_01_01_000002_create_jobs_table  79.87ms DONE
  2026_03_20_063350_create_personal_access_tokens_table  55.57ms DONE
  2026_03_20_063604_create_daily_logs_table  86.14ms DONE
  2026_03_20_063604_create_nutrition_logs_table  95.45ms DONE
  2026_03_20_063604_create_workouts_table  94.53ms DONE
  2026_03_20_063605_create_nutrition_items_table  81.07ms DONE
  2026_03_20_063605_create_workout_logs_table  74.64ms DONE
  2026_03_20_090538_create_user_profiles_table  77.85ms DONE
  2026_03_20_090539_create_user_preferences_table  89.37ms DONE
  2026_03_20_090826_create_food_entries_table  78.75ms DONE


   INFO  Seeding database.  


   Illuminate\Database\QueryException 

  SQLSTATE[42S22]: Column not found: 1054 Unknown column 'name' in 'field list' (Connection: mysql, Host: 127.0.0.1, Port: 3306, Database: caph_fit, SQL: insert into `workouts` (`user_id`, `date`, `name`, `duration_minutes`, `created_at`, `updated_at`) values (1, 2026-03-20, Morning Push Day, 60, 2026-03-20 09:54:22, 2026-03-20 09:54:22))

  at vendor\laravel\framework\src\Illuminate\Database\Connection.php:841
    837Γûò             $exceptionType = $this->isUniqueConstraintError($e)
    838Γûò                 ? UniqueConstraintViolationException::class
    839Γûò                 : QueryException::class;
    840Γûò 
  Γ₧£ 841Γûò             throw new $exceptionType(
    842Γûò                 $this->getNameWithReadWriteType(),
    843Γûò                 $query,
    844Γûò                 $this->prepareBindings($bindings),
    845Γûò                 $e,

  1   vendor\laravel\framework\src\Illuminate\Database\MySqlConnection.php:47
      PDOException::("SQLSTATE[42S22]: Column not found: 1054 Unknown column 'name' in 'field list'")

  2   vendor\laravel\framework\src\Illuminate\Database\MySqlConnection.php:47
      PDO::prepare("insert into `workouts` (`user_id`, `date`, `name`, `duration_minutes`, `created_at`, `updated_at`) values (?, ?, ?, ?, ?, ?)")

